// Jest Snapshot v1, https://goo.gl/fbAQLP

exports[`Test on <AddCategory /> component should test component to match snapshot 1`] = `
<form
  onSubmit={[Function]}
>
  <p />
  <input
    onChange={[Function]}
    type="text"
    value=""
  />
</form>
`;
