// Jest Snapshot v1, https://goo.gl/fbAQLP

exports[`Test about GifsGridItem test snapshot of GifsGritItem 1`] = `
<div
  className="card animate__bounceIn"
>
  <img
    alt="rick y morty"
    src="https://api.giphy.com/seach?rick+y+morty.jpg"
  />
  <p>
    rick y morty
  </p>
</div>
`;
