// Jest Snapshot v1, https://goo.gl/fbAQLP

exports[`Test on <GifsGrid {category}/>  should to make match with snapshot component 1`] = `
<Fragment>
  <h3
    className="animate__jello"
  >
    One Punch
  </h3>
  <p>
    Loading....
  </p>
  <div
    className="card-grid"
  />
</Fragment>
`;
